[INFO] Scanning for projects...
[INFO] ------------------------------------------------------------------------
[INFO] Reactor Build Order:
[INFO] 
[INFO] marketcali-backend                                                 [pom]
[INFO] auth-service                                                       [jar]
[INFO] product-service                                                    [jar]
[INFO] sales-service                                                      [jar]
[INFO] monolith-app                                                       [jar]
[INFO] 
[INFO] ---------------------< miguel:marketcali-backend >----------------------
[INFO] Building marketcali-backend 1.0-SNAPSHOT                           [1/5]
[INFO]   from pom.xml
[INFO] --------------------------------[ pom ]---------------------------------
[INFO] 
[INFO] --- clean:3.3.2:clean (default-clean) @ marketcali-backend ---
[INFO] 
[INFO] --- install:3.1.1:install (default-install) @ marketcali-backend ---
[INFO] Installing C:\Users\migue\Dev\marketcali-backend\pom.xml to C:\Users\migue\.m2\repository\miguel\marketcali-backend\1.0-SNAPSHOT\marketcali-backend-1.0-SNAPSHOT.pom
[INFO] 
[INFO] ------------------------< miguel:auth-service >-------------------------
[INFO] Building auth-service 1.0-SNAPSHOT                                 [2/5]
[INFO]   from auth-service\pom.xml
[INFO] --------------------------------[ jar ]---------------------------------
[INFO] 
[INFO] --- clean:3.3.2:clean (default-clean) @ auth-service ---
[INFO] Deleting C:\Users\migue\Dev\marketcali-backend\auth-service\target
[INFO] 
[INFO] --- resources:3.3.1:resources (default-resources) @ auth-service ---
[INFO] Copying 0 resource from src\main\resources to target\classes
[INFO] Copying 0 resource from src\main\resources to target\classes
[INFO] 
[INFO] --- compiler:3.11.0:compile (default-compile) @ auth-service ---
[INFO] Changes detected - recompiling the module! :source
[INFO] Compiling 7 source files with javac [debug release 17] to target\classes
[INFO] 
[INFO] --- resources:3.3.1:testResources (default-testResources) @ auth-service ---
[INFO] skip non existing resourceDirectory C:\Users\migue\Dev\marketcali-backend\auth-service\src\test\resources
[INFO] 
[INFO] --- compiler:3.11.0:testCompile (default-testCompile) @ auth-service ---
[INFO] No sources to compile
[INFO] 
[INFO] --- surefire:3.1.2:test (default-test) @ auth-service ---
[INFO] Tests are skipped.
[INFO] 
[INFO] --- jar:3.3.0:jar (default-jar) @ auth-service ---
[INFO] Building jar: C:\Users\migue\Dev\marketcali-backend\auth-service\target\auth-service-1.0-SNAPSHOT.jar
[INFO] 
[INFO] --- install:3.1.1:install (default-install) @ auth-service ---
[INFO] Installing C:\Users\migue\Dev\marketcali-backend\auth-service\pom.xml to C:\Users\migue\.m2\repository\miguel\auth-service\1.0-SNAPSHOT\auth-service-1.0-SNAPSHOT.pom
[INFO] Installing C:\Users\migue\Dev\marketcali-backend\auth-service\target\auth-service-1.0-SNAPSHOT.jar to C:\Users\migue\.m2\repository\miguel\auth-service\1.0-SNAPSHOT\auth-service-1.0-SNAPSHOT.jar
[INFO] 
[INFO] -----------------------< miguel:product-service >-----------------------
[INFO] Building product-service 1.0-SNAPSHOT                              [3/5]
[INFO]   from product-service\pom.xml
[INFO] --------------------------------[ jar ]---------------------------------
[INFO] 
[INFO] --- clean:3.3.2:clean (default-clean) @ product-service ---
[INFO] Deleting C:\Users\migue\Dev\marketcali-backend\product-service\target
[INFO] 
[INFO] --- resources:3.3.1:resources (default-resources) @ product-service ---
[INFO] Copying 0 resource from src\main\resources to target\classes
[INFO] Copying 1 resource from src\main\resources to target\classes
[INFO] 
[INFO] --- compiler:3.11.0:compile (default-compile) @ product-service ---
[INFO] Changes detected - recompiling the module! :source
[INFO] Compiling 6 source files with javac [debug release 17] to target\classes
[INFO] 
[INFO] --- resources:3.3.1:testResources (default-testResources) @ product-service ---
[INFO] skip non existing resourceDirectory C:\Users\migue\Dev\marketcali-backend\product-service\src\test\resources
[INFO] 
[INFO] --- compiler:3.11.0:testCompile (default-testCompile) @ product-service ---
[INFO] No sources to compile
[INFO] 
[INFO] --- surefire:3.1.2:test (default-test) @ product-service ---
[INFO] Tests are skipped.
[INFO] 
[INFO] --- jar:3.3.0:jar (default-jar) @ product-service ---
[INFO] Building jar: C:\Users\migue\Dev\marketcali-backend\product-service\target\product-service-1.0-SNAPSHOT.jar
[INFO] 
[INFO] --- install:3.1.1:install (default-install) @ product-service ---
[INFO] Installing C:\Users\migue\Dev\marketcali-backend\product-service\pom.xml to C:\Users\migue\.m2\repository\miguel\product-service\1.0-SNAPSHOT\product-service-1.0-SNAPSHOT.pom
[INFO] Installing C:\Users\migue\Dev\marketcali-backend\product-service\target\product-service-1.0-SNAPSHOT.jar to C:\Users\migue\.m2\repository\miguel\product-service\1.0-SNAPSHOT\product-service-1.0-SNAPSHOT.jar
[INFO] 
[INFO] ------------------------< miguel:sales-service >------------------------
[INFO] Building sales-service 1.0-SNAPSHOT                                [4/5]
[INFO]   from sales-service\pom.xml
[INFO] --------------------------------[ jar ]---------------------------------
[INFO] 
[INFO] --- clean:3.3.2:clean (default-clean) @ sales-service ---
[INFO] Deleting C:\Users\migue\Dev\marketcali-backend\sales-service\target
[INFO] 
[INFO] --- resources:3.3.1:resources (default-resources) @ sales-service ---
[INFO] Copying 0 resource from src\main\resources to target\classes
[INFO] Copying 0 resource from src\main\resources to target\classes
[INFO] 
[INFO] --- compiler:3.11.0:compile (default-compile) @ sales-service ---
[INFO] Changes detected - recompiling the module! :source
[INFO] Compiling 11 source files with javac [debug release 17] to target\classes
[INFO] 
[INFO] --- resources:3.3.1:testResources (default-testResources) @ sales-service ---
[INFO] skip non existing resourceDirectory C:\Users\migue\Dev\marketcali-backend\sales-service\src\test\resources
[INFO] 
[INFO] --- compiler:3.11.0:testCompile (default-testCompile) @ sales-service ---
[INFO] Changes detected - recompiling the module! :dependency
[INFO] Compiling 1 source file with javac [debug release 17] to target\test-classes
[INFO] 
[INFO] --- surefire:3.1.2:test (default-test) @ sales-service ---
[INFO] Tests are skipped.
[INFO] 
[INFO] --- jar:3.3.0:jar (default-jar) @ sales-service ---
[INFO] Building jar: C:\Users\migue\Dev\marketcali-backend\sales-service\target\sales-service-1.0-SNAPSHOT.jar
[INFO] 
[INFO] --- install:3.1.1:install (default-install) @ sales-service ---
[INFO] Installing C:\Users\migue\Dev\marketcali-backend\sales-service\pom.xml to C:\Users\migue\.m2\repository\miguel\sales-service\1.0-SNAPSHOT\sales-service-1.0-SNAPSHOT.pom
[INFO] Installing C:\Users\migue\Dev\marketcali-backend\sales-service\target\sales-service-1.0-SNAPSHOT.jar to C:\Users\migue\.m2\repository\miguel\sales-service\1.0-SNAPSHOT\sales-service-1.0-SNAPSHOT.jar
[INFO] 
[INFO] ------------------------< miguel:monolith-app >-------------------------
[INFO] Building monolith-app 1.0-SNAPSHOT                                 [5/5]
[INFO]   from monolith-app\pom.xml
[INFO] --------------------------------[ jar ]---------------------------------
[INFO] 
[INFO] --- clean:3.3.2:clean (default-clean) @ monolith-app ---
[INFO] Deleting C:\Users\migue\Dev\marketcali-backend\monolith-app\target
[INFO] 
[INFO] --- resources:3.3.1:resources (default-resources) @ monolith-app ---
[INFO] Copying 1 resource from src\main\resources to target\classes
[INFO] Copying 0 resource from src\main\resources to target\classes
[INFO] 
[INFO] --- compiler:3.11.0:compile (default-compile) @ monolith-app ---
[INFO] Changes detected - recompiling the module! :dependency
[INFO] Compiling 3 source files with javac [debug release 17] to target\classes
[INFO] -------------------------------------------------------------
[ERROR] COMPILATION ERROR : 
[INFO] -------------------------------------------------------------
[ERROR] /C:/Users/migue/Dev/marketcali-backend/monolith-app/src/main/java/miguel/monolith/config/SecurityConfig.java:[3,14] package lombok does not exist
[ERROR] /C:/Users/migue/Dev/marketcali-backend/monolith-app/src/main/java/miguel/monolith/config/SecurityConfig.java:[23,2] cannot find symbol
  symbol: class RequiredArgsConstructor
[ERROR] /C:/Users/migue/Dev/marketcali-backend/monolith-app/src/main/java/miguel/monolith/config/JwtAuthenticationFilter.java:[7,14] package lombok does not exist
[ERROR] /C:/Users/migue/Dev/marketcali-backend/monolith-app/src/main/java/miguel/monolith/config/JwtAuthenticationFilter.java:[24,2] cannot find symbol
  symbol: class RequiredArgsConstructor
[INFO] 4 errors 
[INFO] -------------------------------------------------------------
[INFO] ------------------------------------------------------------------------
[INFO] Reactor Summary for marketcali-backend 1.0-SNAPSHOT:
[INFO] 
[INFO] marketcali-backend ................................. SUCCESS [  0.248 s]
[INFO] auth-service ....................................... SUCCESS [  3.616 s]
[INFO] product-service .................................... SUCCESS [  2.688 s]
[INFO] sales-service ...................................... SUCCESS [  4.423 s]
[INFO] monolith-app ....................................... FAILURE [  0.680 s]
[INFO] ------------------------------------------------------------------------
[INFO] BUILD FAILURE
[INFO] ------------------------------------------------------------------------
[INFO] Total time:  12.089 s
[INFO] Finished at: 2026-03-29T16:09:36-05:00
[INFO] ------------------------------------------------------------------------
[ERROR] Failed to execute goal org.apache.maven.plugins:maven-compiler-plugin:3.11.0:compile (default-compile) on project monolith-app: Compilation failure: Compilation failure: 
[ERROR] /C:/Users/migue/Dev/marketcali-backend/monolith-app/src/main/java/miguel/monolith/config/SecurityConfig.java:[3,14] package lombok does not exist
[ERROR] /C:/Users/migue/Dev/marketcali-backend/monolith-app/src/main/java/miguel/monolith/config/SecurityConfig.java:[23,2] cannot find symbol
[ERROR]   symbol: class RequiredArgsConstructor
[ERROR] /C:/Users/migue/Dev/marketcali-backend/monolith-app/src/main/java/miguel/monolith/config/JwtAuthenticationFilter.java:[7,14] package lombok does not exist
[ERROR] /C:/Users/migue/Dev/marketcali-backend/monolith-app/src/main/java/miguel/monolith/config/JwtAuthenticationFilter.java:[24,2] cannot find symbol
[ERROR]   symbol: class RequiredArgsConstructor
[ERROR] -> [Help 1]
[ERROR] 
[ERROR] To see the full stack trace of the errors, re-run Maven with the -e switch.
[ERROR] Re-run Maven using the -X switch to enable full debug logging.
[ERROR] 
[ERROR] For more information about the errors and possible solutions, please read the following articles:
[ERROR] [Help 1] http://cwiki.apache.org/confluence/display/MAVEN/MojoFailureException
[ERROR] 
[ERROR] After correcting the problems, you can resume the build with the command
[ERROR]   mvn <args> -rf :monolith-app
